// Jest Snapshot v1, https://goo.gl/fbAQLP

exports[`Test Snapshot and Functional Testing Detail Snapshot 1`] = `
<Descriptions
  bordered={true}
  title="Kucing"
>
  <DescriptionsItem
    label="Actors"
  >
    Actors
  </DescriptionsItem>
  <DescriptionsItem
    label="Awards"
  >
    Awards
  </DescriptionsItem>
  <DescriptionsItem
    label="Box Office"
  >
    BoxOffice
  </DescriptionsItem>
  <DescriptionsItem
    label="Country"
  >
    Country
  </DescriptionsItem>
  <DescriptionsItem
    label="DVD"
  >
    DVD
  </DescriptionsItem>
  <DescriptionsItem
    label="Director"
  >
    Director
  </DescriptionsItem>
  <DescriptionsItem
    label="Genre"
  >
    Genre
  </DescriptionsItem>
  <DescriptionsItem
    label="Language"
  >
    Language
  </DescriptionsItem>
  <DescriptionsItem
    label="Metascore"
  >
    Metascore
  </DescriptionsItem>
  <DescriptionsItem
    label="Plot"
  >
    Plot
  </DescriptionsItem>
  <DescriptionsItem
    label="Poster"
  >
    <img
      alt="poster"
      className="img-poster"
      src="Poster"
    />
  </DescriptionsItem>
  <DescriptionsItem
    label="Production"
  >
    Production
  </DescriptionsItem>
  <DescriptionsItem
    label="Rated"
  >
    Rated
  </DescriptionsItem>
  <DescriptionsItem
    label="Released"
  >
    Released
  </DescriptionsItem>
  <DescriptionsItem
    label="Response"
  >
    Response
  </DescriptionsItem>
  <DescriptionsItem
    label="Runtime"
  >
    Runtime
  </DescriptionsItem>
  <DescriptionsItem
    label="Type"
  >
    Type
  </DescriptionsItem>
  <DescriptionsItem
    label="Website"
  >
    Website
  </DescriptionsItem>
  <DescriptionsItem
    label="Writer"
  >
    Writer
  </DescriptionsItem>
  <DescriptionsItem
    label="Year"
  >
    Year
  </DescriptionsItem>
  <DescriptionsItem
    label="imdbID"
  >
    imdbID
  </DescriptionsItem>
  <DescriptionsItem
    label="imdbRating"
  >
    imdbRating
  </DescriptionsItem>
  <DescriptionsItem
    label="imdbVotes"
  >
    imdbVotes
  </DescriptionsItem>
</Descriptions>
`;
